// Jest Snapshot v1, https://goo.gl/fbAQLP

exports[`Menu correct rendering 1`] = `
<div
  className="entries-list"
/>
`;
